// Jest Snapshot v1, https://goo.gl/fbAQLP

exports[`BeerDescription Should match a snapshot 1`] = `
<div>
  <div
    className="overlay"
    onClick={[MockFunction]}
  />
  <div
    className="beer-description"
  >
    <h3>
      Cast Iron Oatmeal Brown
    </h3>
    <hr />
    <div
      className="beer-stuff"
    >
      <p>
        Style: 
        American Brown Ale
      </p>
      <p>
        IBU: 
        NA
      </p>
      <p>
        ABV: 
        0.055
      </p>
    </div>
    <button
      className="click-me"
      onClick={[MockFunction]}
    >
      Close
    </button>
  </div>
</div>
`;
