// Jest Snapshot v1, https://goo.gl/fbAQLP

exports[`Breweries Should match the snapshot 1`] = `undefined`;

exports[`Breweries Should match the snapshot 2`] = `
<div
  className="brewery-label"
>
  <div
    className="brewery-header"
  >
    <i
      className="fas far fa-star"
      onClick={[Function]}
    />
    <h2
      onClick={[Function]}
    >
      The Lion Brewery
    </h2>
  </div>
</div>
`;
