// Jest Snapshot v1, https://goo.gl/fbAQLP

exports[`BreweryList Should match the snapshot 1`] = `
<div>
  <Breweries
    dataset={
      Array [
        1,
        2,
        3,
        4,
      ]
    }
    key="0"
  />
  <Breweries
    dataset={
      Array [
        1,
        2,
        3,
        4,
      ]
    }
    key="1"
  />
  <Breweries
    dataset={
      Array [
        1,
        2,
        3,
        4,
      ]
    }
    key="2"
  />
  <Breweries
    dataset={
      Array [
        1,
        2,
        3,
        4,
      ]
    }
    key="3"
  />
</div>
`;
