// Jest Snapshot v1, https://goo.gl/fbAQLP


exports[`Breweries Should match the snapshot 1`] = `
<div
  className="brewery-label"
>
  <div
    className="brewery-header"
  >
    <i
      className="far fa-star"
      onClick={[Function]}
    />
    <h2
      onClick={[Function]}
    >
      The Lion Brewery
    </h2>
  </div>
  <div
    className="beer-dropdown hidden"
  />
</div>
`;
