// Jest Snapshot v1, https://goo.gl/fbAQLP

exports[`Filter Should have a snapshot 1`] = `
<div
  className="filter-container"
>
  <label
    className="filter-label"
    htmlFor="string"
  >
    string
  </label>
  <select
    className="filter"
    id="string"
    onChange={[MockFunction]}
  >
    <option>
      All
    </option>
    <option
      className="state-dropdown-options"
      key="1"
    >
      1
    </option>
    <option
      className="state-dropdown-options"
      key="2"
    >
      2
    </option>
    <option
      className="state-dropdown-options"
      key="3"
    >
      3
    </option>
    <option
      className="state-dropdown-options"
      key="4"
    >
      4
    </option>
  </select>
</div>
`;
