// Jest Snapshot v1, https://goo.gl/fbAQLP

exports[`WelcomePage Should match the snapshot 1`] = `
<div
  className="welcome-page"
>
  <h1
    className="welcome-header"
  >
    ShakesBeer
  </h1>
  <div
    className="search-container"
  >
    <Autocomplete
      chooseState={[MockFunction]}
      usStates={
        Array [
          1,
          2,
          3,
          4,
        ]
      }
    />
  </div>
</div>
`;
